<html>
<body>
<pre>
<h1>µVision Build Log</h1>
<h2>Tool Versions:</h2>
IDE-Version: µVision V5.38.0.0
Copyright (C) 2022 ARM Ltd and ARM Germany GmbH. All rights reserved.
License Information: Erika Hernandez, UAA, LIC=----
 
Tool Versions:
Toolchain:       MDK-Lite  Version: 5.37.0.0
Toolchain Path:  C:\Keil_v5\ARM\ARMCLANG\Bin
C Compiler:      ArmClang.exe V6.18
Assembler:       Armasm.exe V6.18
Linker/Locator:  ArmLink.exe V6.18
Library Manager: ArmAr.exe V6.18
Hex Converter:   FromElf.exe V6.18
CPU DLL:         SARMCM3.DLL V5.37.0.0
Dialog DLL:      DCM.DLL V1.17.5.0
Target DLL:      UL2CM3.DLL V1.164.7.0
Dialog DLL:      TCM.DLL V1.56.1.0
 
<h2>Project:</h2>
C:\Users\DSE-57-C-01\Pictures\examen\examen2.uvprojx
Project File Date:  10/23/2025

<h2>Output:</h2>
*** Using Compiler 'V6.18', folder: 'C:\Keil_v5\ARM\ARMCLANG\Bin'
Rebuild target 'Target 1'
C:/Users/DSE-57-C-01/AppData/Local/Arm/Packs/ARM/CMSIS-FreeRTOS/11.2.0/CMSIS/RTOS2/FreeRTOS/Source/clib_os.c(26): warning: In file included from...
C:/Users/DSE-57-C-01/AppData/Local/Arm/Packs/ARM/CMSIS-FreeRTOS/11.2.0/Source/include\FreeRTOS.h(58): warning: In file included from...
./RTE/RTOS\FreeRTOSConfig.h(359): warning: '__ARM_ARCH_7A__' is not defined, evaluates to 0 [-Wundef]
#if (__ARM_ARCH_7A__ == 1U)
     ^
C:/Users/DSE-57-C-01/AppData/Local/Arm/Packs/ARM/CMSIS-FreeRTOS/11.2.0/CMSIS/RTOS2/FreeRTOS/Source/clib_os.c(69): warning: '$' in identifier [-Wdollar-in-identifier-extension]
extern void $Super$$_fp_init (void);
            ^
C:/Users/DSE-57-C-01/AppData/Local/Arm/Packs/ARM/CMSIS-FreeRTOS/11.2.0/CMSIS/RTOS2/FreeRTOS/Source/clib_os.c(69): warning: '$' in identifier [-Wdollar-in-identifier-extension]
extern void $Super$$_fp_init (void);
                  ^
C:/Users/DSE-57-C-01/AppData/Local/Arm/Packs/ARM/CMSIS-FreeRTOS/11.2.0/CMSIS/RTOS2/FreeRTOS/Source/clib_os.c(69): warning: '$' in identifier [-Wdollar-in-identifier-extension]
extern void $Super$$_fp_init (void);
                   ^
C:/Users/DSE-57-C-01/AppData/Local/Arm/Packs/ARM/CMSIS-FreeRTOS/11.2.0/CMSIS/RTOS2/FreeRTOS/Source/clib_os.c(71): warning: '$' in identifier [-Wdollar-in-identifier-extension]
void $Sub$$_fp_init (void);
     ^
C:/Users/DSE-57-C-01/AppData/Local/Arm/Packs/ARM/CMSIS-FreeRTOS/11.2.0/CMSIS/RTOS2/FreeRTOS/Source/clib_os.c(71): warning: '$' in identifier [-Wdollar-in-identifier-extension]
void $Sub$$_fp_init (void);
         ^
C:/Users/DSE-57-C-01/AppData/Local/Arm/Packs/ARM/CMSIS-FreeRTOS/11.2.0/CMSIS/RTOS2/FreeRTOS/Source/clib_os.c(71): warning: '$' in identifier [-Wdollar-in-identifier-extension]
void $Sub$$_fp_init (void);
          ^
C:/Users/DSE-57-C-01/AppData/Local/Arm/Packs/ARM/CMSIS-FreeRTOS/11.2.0/CMSIS/RTOS2/FreeRTOS/Source/clib_os.c(72): warning: '$' in identifier [-Wdollar-in-identifier-extension]
void $Sub$$_fp_init (void) {
     ^
C:/Users/DSE-57-C-01/AppData/Local/Arm/Packs/ARM/CMSIS-FreeRTOS/11.2.0/CMSIS/RTOS2/FreeRTOS/Source/clib_os.c(72): warning: '$' in identifier [-Wdollar-in-identifier-extension]
void $Sub$$_fp_init (void) {
         ^
C:/Users/DSE-57-C-01/AppData/Local/Arm/Packs/ARM/CMSIS-FreeRTOS/11.2.0/CMSIS/RTOS2/FreeRTOS/Source/clib_os.c(72): warning: '$' in identifier [-Wdollar-in-identifier-extension]
void $Sub$$_fp_init (void) {
          ^
C:/Users/DSE-57-C-01/AppData/Local/Arm/Packs/ARM/CMSIS-FreeRTOS/11.2.0/CMSIS/RTOS2/FreeRTOS/Source/clib_os.c(73): warning: '$' in identifier [-Wdollar-in-identifier-extension]
  $Super$$_fp_init();
  ^
C:/Users/DSE-57-C-01/AppData/Local/Arm/Packs/ARM/CMSIS-FreeRTOS/11.2.0/CMSIS/RTOS2/FreeRTOS/Source/clib_os.c(73): warning: '$' in identifier [-Wdollar-in-identifier-extension]
  $Super$$_fp_init();
        ^
C:/Users/DSE-57-C-01/AppData/Local/Arm/Packs/ARM/CMSIS-FreeRTOS/11.2.0/CMSIS/RTOS2/FreeRTOS/Source/clib_os.c(73): warning: '$' in identifier [-Wdollar-in-identifier-extension]
  $Super$$_fp_init();
         ^
C:/Users/DSE-57-C-01/AppData/Local/Arm/Packs/ARM/CMSIS-FreeRTOS/11.2.0/CMSIS/RTOS2/FreeRTOS/Source/clib_os.c(139): warning: '__ARM_ARCH_7A__' is not defined, evaluates to 0 [-Wundef]
#if (__ARM_ARCH_7A__ == 1U)
     ^
C:/Users/DSE-57-C-01/AppData/Local/Arm/Packs/ARM/CMSIS-FreeRTOS/11.2.0/CMSIS/RTOS2/FreeRTOS/Source/clib_os.c(26): warning: In file included from...
C:/Users/DSE-57-C-01/AppData/Local/Arm/Packs/ARM/CMSIS-FreeRTOS/11.2.0/Source/include\FreeRTOS.h(3261): warning: padding struct 'struct xSTATIC_QUEUE' with 1 byte to align 'uxDummy8' [-Wpadded]
        UBaseType_t uxDummy8;
                    ^
C:/Users/DSE-57-C-01/AppData/Local/Arm/Packs/ARM/CMSIS-FreeRTOS/11.2.0/Source/include\FreeRTOS.h(3238): warning: padding size of 'struct xSTATIC_QUEUE' with 3 bytes to alignment boundary [-Wpadded]
typedef struct xSTATIC_QUEUE
               ^
16 warnings generated.
compiling clib_os.c...
main.c(7): warning: In file included from...
./conf.h(25): warning: no newline at end of file [-Wnewline-eof]
#endif
      ^
main.c(8): warning: In file included from...
C:/Users/DSE-57-C-01/AppData/Local/Arm/Packs/ARM/CMSIS-FreeRTOS/11.2.0/Source/include\FreeRTOS.h(58): warning: In file included from...
./RTE/RTOS\FreeRTOSConfig.h(359): warning: '__ARM_ARCH_7A__' is not defined, evaluates to 0 [-Wundef]
#if (__ARM_ARCH_7A__ == 1U)
     ^
main.c(36): warning: unused parameter 'pvParameters' [-Wunused-parameter]
void vTaskLed(void *pvParameters){
                    ^
main.c(36): warning: function 'vTaskLed' could be declared with attribute 'noreturn' [-Wmissing-noreturn]
void vTaskLed(void *pvParameters){
                                 ^
main.c(43): warning: unused parameter 'pvParameters' [-Wunused-parameter]
void vTaskLCD (void *pvParameters){
                     ^
main.c(44): warning: variable 'lastCont' is uninitialized when used within its own initialization [-Wuninitialized]
    uint16_t lastCont = contPulses(lastCont);
             ~~~~~~~~              ^~~~~~~~
6 warnings generated.
compiling main.c...
conf.c(1): warning: In file included from...
./conf.h(25): warning: no newline at end of file [-Wnewline-eof]
#endif
      ^
conf.c(20): warning: no previous extern declaration for non-static variable 'LCD_CONFIG' [-Wmissing-variable-declarations]
uint8_t LCD_CONFIG[11] = {0x03, 0x02, 0X0C,0X02,0X0C,0X00,0x0F,0x00,0X01,0X00,0x06};
        ^
conf.c(20): note: declare 'static' if the variable is not intended to be used outside of this translation unit
uint8_t LCD_CONFIG[11] = {0x03, 0x02, 0X0C,0X02,0X0C,0X00,0x0F,0x00,0X01,0X00,0x06};
^
conf.c(121): warning: implicit conversion loses integer precision: 'int' to 'char' [-Wimplicit-int-conversion]
    char val100 =  (int_val/100);
         ~~~~~~     ~~~~~~~^~~~
conf.c(122): warning: implicit conversion loses integer precision: 'int' to 'char' [-Wimplicit-int-conversion]
    char val10 = (int_val/10 - val100*10);
         ~~~~~    ~~~~~~~~~~~^~~~~~~~~~~
conf.c(123): warning: implicit conversion loses integer precision: 'int' to 'char' [-Wimplicit-int-conversion]
    char val1 = (int_val - val100*100 - val10*10);
         ~~~~    ~~~~~~~~~~~~~~~~~~~~~^~~~~~~~~~
conf.c(128): warning: mixing declarations and code is incompatible with standards before C99 [-Wdeclaration-after-statement]
    char stra[] = {val100, val10, val1,'\0'};
         ^
conf.c(134): warning: empty expression statement has no effect; remove unnecessary ';' to silence this warning [-Wextra-semi-stmt]
    RCC->AHB1ENR |= (1<<5)|(1<<2)|(1<<1);; // GPIOA Y GPIOE Y GPIOB
                                         ^
conf.c(194): warning: implicit conversion loses integer precision: 'volatile uint32_t' (aka 'volatile unsigned int') to 'uint16_t' (aka 'unsigned short') [-Wimplicit-int-conversion]
    uint16_t curCount = TIM4->CNT;
             ~~~~~~~~   ~~~~~~^~~
8 warnings generated.
compiling conf.c...
compiling os_systick.c...
assembling startup_stm32f446xx.s...
C:/Users/DSE-57-C-01/AppData/Local/Arm/Packs/ARM/CMSIS-FreeRTOS/11.2.0/CMSIS/RTOS2/FreeRTOS/Source/cmsis_os2.c(29): warning: In file included from...
C:/Users/DSE-57-C-01/AppData/Local/Arm/Packs/ARM/CMSIS-FreeRTOS/11.2.0/Source/include\FreeRTOS.h(58): warning: In file included from...
./RTE/RTOS\FreeRTOSConfig.h(359): warning: '__ARM_ARCH_7A__' is not defined, evaluates to 0 [-Wundef]
#if (__ARM_ARCH_7A__ == 1U)
     ^
C:/Users/DSE-57-C-01/AppData/Local/Arm/Packs/ARM/CMSIS-FreeRTOS/11.2.0/CMSIS/RTOS2/FreeRTOS/Source/cmsis_os2.c(29): warning: In file included from...
C:/Users/DSE-57-C-01/AppData/Local/Arm/Packs/ARM/CMSIS-FreeRTOS/11.2.0/Source/include\FreeRTOS.h(3164): warning: padding size of 'struct xSTATIC_TCB' with 1 byte to alignment boundary [-Wpadded]
typedef struct xSTATIC_TCB
               ^
C:/Users/DSE-57-C-01/AppData/Local/Arm/Packs/ARM/CMSIS-FreeRTOS/11.2.0/CMSIS/RTOS2/FreeRTOS/Source/cmsis_os2.c(688): warning: default label in switch which covers all enumeration values [-Wcovered-switch-default]
      default:         state = osThreadError;      break;
      ^
C:/Users/DSE-57-C-01/AppData/Local/Arm/Packs/ARM/CMSIS-FreeRTOS/11.2.0/CMSIS/RTOS2/FreeRTOS/Source/cmsis_os2.c(762): warning: empty expression statement has no effect; remove unnecessary ';' to silence this warning [-Wextra-semi-stmt]
    taskYIELD();
               ^
C:/Users/DSE-57-C-01/AppData/Local/Arm/Packs/ARM/CMSIS-FreeRTOS/11.2.0/CMSIS/RTOS2/FreeRTOS/Source/cmsis_os2.c(30): warning: In file included from...
C:/Users/DSE-57-C-01/AppData/Local/Arm/Packs/ARM/CMSIS-FreeRTOS/11.2.0/Source/include/task.h(169): warning: padding struct 'struct xTASK_STATUS' with 3 bytes to align 'uxCurrentPriority' [-Wpadded]
    UBaseType_t uxCurrentPriority;                /* The priority at which the task was running (may be inherited) when the structure was populated. */
                ^
C:/Users/DSE-57-C-01/AppData/Local/Arm/Packs/ARM/CMSIS-FreeRTOS/11.2.0/CMSIS/RTOS2/FreeRTOS/Source/cmsis_os2.c(29): warning: In file included from...
C:/Users/DSE-57-C-01/AppData/Local/Arm/Packs/ARM/CMSIS-FreeRTOS/11.2.0/Source/include\FreeRTOS.h(3309): warning: padding size of 'struct xSTATIC_TIMER' with 3 bytes to alignment boundary [-Wpadded]
typedef struct xSTATIC_TIMER
               ^
C:/Users/DSE-57-C-01/AppData/Local/Arm/Packs/ARM/CMSIS-FreeRTOS/11.2.0/CMSIS/RTOS2/FreeRTOS/Source/cmsis_os2.c(1313): warning: implicit conversion changes signedness: 'UBaseType_t' (aka 'unsigned long') to 'BaseType_t' (aka 'long') [-Wsign-conversion]
          hTimer = xTimerCreateStatic (name, 1, reload, callb, TimerCallback, (StaticTimer_t *)attr->cb_mem);
                   ~~~~~~~~~~~~~~~~~~           ^~~~~~
C:/Users/DSE-57-C-01/AppData/Local/Arm/Packs/ARM/CMSIS-FreeRTOS/11.2.0/CMSIS/RTOS2/FreeRTOS/Source/cmsis_os2.c(1319): warning: implicit conversion changes signedness: 'UBaseType_t' (aka 'unsigned long') to 'BaseType_t' (aka 'long') [-Wsign-conversion]
            hTimer = xTimerCreate (name, 1, reload, callb, TimerCallback);
                     ~~~~~~~~~~~~           ^~~~~~
C:/Users/DSE-57-C-01/AppData/Local/Arm/Packs/ARM/CMSIS-FreeRTOS/11.2.0/CMSIS/RTOS2/FreeRTOS/Source/cmsis_os2.c(29): warning: In file included from...
C:/Users/DSE-57-C-01/AppData/Local/Arm/Packs/ARM/CMSIS-FreeRTOS/11.2.0/Source/include\FreeRTOS.h(3281): warning: padding size of 'struct xSTATIC_EVENT_GROUP' with 3 bytes to alignment boundary [-Wpadded]
typedef struct xSTATIC_EVENT_GROUP
               ^
C:/Users/DSE-57-C-01/AppData/Local/Arm/Packs/ARM/CMSIS-FreeRTOS/11.2.0/Source/include\FreeRTOS.h(3261): warning: padding struct 'struct xSTATIC_QUEUE' with 1 byte to align 'uxDummy8' [-Wpadded]
        UBaseType_t uxDummy8;
                    ^
C:/Users/DSE-57-C-01/AppData/Local/Arm/Packs/ARM/CMSIS-FreeRTOS/11.2.0/Source/include\FreeRTOS.h(3238): warning: padding size of 'struct xSTATIC_QUEUE' with 3 bytes to alignment boundary [-Wpadded]
typedef struct xSTATIC_QUEUE
               ^
11 warnings generated.
compiling cmsis_os2.c...
compiling system_stm32f4xx.c...
C:/Users/DSE-57-C-01/AppData/Local/Arm/Packs/ARM/CMSIS-FreeRTOS/11.2.0/CMSIS/RTOS2/FreeRTOS/Source/freertos_evr.c(25): warning: In file included from...
./RTE/RTOS\FreeRTOSConfig.h(359): warning: '__ARM_ARCH_7A__' is not defined, evaluates to 0 [-Wundef]
#if (__ARM_ARCH_7A__ == 1U)
     ^
1 warning generated.
compiling freertos_evr.c...
C:/Users/DSE-57-C-01/AppData/Local/Arm/Packs/ARM/CMSIS-FreeRTOS/11.2.0/Source/list.c(37): warning: In file included from...
C:/Users/DSE-57-C-01/AppData/Local/Arm/Packs/ARM/CMSIS-FreeRTOS/11.2.0/Source/include\FreeRTOS.h(58): warning: In file included from...
./RTE/RTOS\FreeRTOSConfig.h(359): warning: '__ARM_ARCH_7A__' is not defined, evaluates to 0 [-Wundef]
#if (__ARM_ARCH_7A__ == 1U)
     ^
1 warning generated.
compiling list.c...
C:/Users/DSE-57-C-01/AppData/Local/Arm/Packs/ARM/CMSIS-FreeRTOS/11.2.0/Source/event_groups.c(38): warning: In file included from...
C:/Users/DSE-57-C-01/AppData/Local/Arm/Packs/ARM/CMSIS-FreeRTOS/11.2.0/Source/include\FreeRTOS.h(58): warning: In file included from...
./RTE/RTOS\FreeRTOSConfig.h(359): warning: '__ARM_ARCH_7A__' is not defined, evaluates to 0 [-Wundef]
#if (__ARM_ARCH_7A__ == 1U)
     ^
C:/Users/DSE-57-C-01/AppData/Local/Arm/Packs/ARM/CMSIS-FreeRTOS/11.2.0/Source/event_groups.c(54): warning: padding size of 'struct EventGroupDef_t' with 3 bytes to alignment boundary [-Wpadded]
    typedef struct EventGroupDef_t
                   ^
C:/Users/DSE-57-C-01/AppData/Local/Arm/Packs/ARM/CMSIS-FreeRTOS/11.2.0/Source/event_groups.c(38): warning: In file included from...
C:/Users/DSE-57-C-01/AppData/Local/Arm/Packs/ARM/CMSIS-FreeRTOS/11.2.0/Source/include\FreeRTOS.h(3281): warning: padding size of 'struct xSTATIC_EVENT_GROUP' with 3 bytes to alignment boundary [-Wpadded]
typedef struct xSTATIC_EVENT_GROUP
               ^
C:/Users/DSE-57-C-01/AppData/Local/Arm/Packs/ARM/CMSIS-FreeRTOS/11.2.0/Source/event_groups.c(254): warning: empty expression statement has no effect; remove unnecessary ';' to silence this warning [-Wextra-semi-stmt]
                taskYIELD_WITHIN_API();
                                      ^
C:/Users/DSE-57-C-01/AppData/Local/Arm/Packs/ARM/CMSIS-FreeRTOS/11.2.0/Source/event_groups.c(410): warning: empty expression statement has no effect; remove unnecessary ';' to silence this warning [-Wextra-semi-stmt]
                taskYIELD_WITHIN_API();
                                      ^
5 warnings generated.
compiling event_groups.c...
C:/Users/DSE-57-C-01/AppData/Local/Arm/Packs/ARM/CMSIS-FreeRTOS/11.2.0/Source/portable/GCC/ARM_CM4F/port.c(34): warning: In file included from...
C:/Users/DSE-57-C-01/AppData/Local/Arm/Packs/ARM/CMSIS-FreeRTOS/11.2.0/Source/include\FreeRTOS.h(58): warning: In file included from...
./RTE/RTOS\FreeRTOSConfig.h(359): warning: '__ARM_ARCH_7A__' is not defined, evaluates to 0 [-Wundef]
#if (__ARM_ARCH_7A__ == 1U)
     ^
1 warning generated.
compiling port.c...
C:/Users/DSE-57-C-01/AppData/Local/Arm/Packs/ARM/CMSIS-FreeRTOS/11.2.0/Source/portable/MemMang/heap_4.c(45): warning: In file included from...
C:/Users/DSE-57-C-01/AppData/Local/Arm/Packs/ARM/CMSIS-FreeRTOS/11.2.0/Source/include\FreeRTOS.h(58): warning: In file included from...
./RTE/RTOS\FreeRTOSConfig.h(359): warning: '__ARM_ARCH_7A__' is not defined, evaluates to 0 [-Wundef]
#if (__ARM_ARCH_7A__ == 1U)
     ^
1 warning generated.
compiling heap_4.c...
C:/Users/DSE-57-C-01/AppData/Local/Arm/Packs/ARM/CMSIS-FreeRTOS/11.2.0/Source/queue.c(37): warning: In file included from...
C:/Users/DSE-57-C-01/AppData/Local/Arm/Packs/ARM/CMSIS-FreeRTOS/11.2.0/Source/include\FreeRTOS.h(58): warning: In file included from...
./RTE/RTOS\FreeRTOSConfig.h(359): warning: '__ARM_ARCH_7A__' is not defined, evaluates to 0 [-Wundef]
#if (__ARM_ARCH_7A__ == 1U)
     ^
C:/Users/DSE-57-C-01/AppData/Local/Arm/Packs/ARM/CMSIS-FreeRTOS/11.2.0/Source/queue.c(338): warning: empty expression statement has no effect; remove unnecessary ';' to silence this warning [-Wextra-semi-stmt]
                        queueYIELD_IF_USING_PREEMPTION();
                                                        ^
C:/Users/DSE-57-C-01/AppData/Local/Arm/Packs/ARM/CMSIS-FreeRTOS/11.2.0/Source/queue.c(133): warning: padding struct 'struct QueueDefinition' with 1 byte to align 'uxQueueNumber' [-Wpadded]
        UBaseType_t uxQueueNumber;
                    ^
C:/Users/DSE-57-C-01/AppData/Local/Arm/Packs/ARM/CMSIS-FreeRTOS/11.2.0/Source/queue.c(103): warning: padding size of 'struct QueueDefinition' with 3 bytes to alignment boundary [-Wpadded]
typedef struct QueueDefinition /* The old naming convention is used to prevent breaking kernel aware debuggers. */
               ^
C:/Users/DSE-57-C-01/AppData/Local/Arm/Packs/ARM/CMSIS-FreeRTOS/11.2.0/Source/queue.c(37): warning: In file included from...
C:/Users/DSE-57-C-01/AppData/Local/Arm/Packs/ARM/CMSIS-FreeRTOS/11.2.0/Source/include\FreeRTOS.h(3261): warning: padding struct 'struct xSTATIC_QUEUE' with 1 byte to align 'uxDummy8' [-Wpadded]
        UBaseType_t uxDummy8;
                    ^
C:/Users/DSE-57-C-01/AppData/Local/Arm/Packs/ARM/CMSIS-FreeRTOS/11.2.0/Source/include\FreeRTOS.h(3238): warning: padding size of 'struct xSTATIC_QUEUE' with 3 bytes to alignment boundary [-Wpadded]
typedef struct xSTATIC_QUEUE
               ^
C:/Users/DSE-57-C-01/AppData/Local/Arm/Packs/ARM/CMSIS-FreeRTOS/11.2.0/Source/queue.c(1048): warning: empty expression statement has no effect; remove unnecessary ';' to silence this warning [-Wextra-semi-stmt]
                            queueYIELD_IF_USING_PREEMPTION();
                                                            ^
C:/Users/DSE-57-C-01/AppData/Local/Arm/Packs/ARM/CMSIS-FreeRTOS/11.2.0/Source/queue.c(1061): warning: empty expression statement has no effect; remove unnecessary ';' to silence this warning [-Wextra-semi-stmt]
                        queueYIELD_IF_USING_PREEMPTION();
                                                        ^
C:/Users/DSE-57-C-01/AppData/Local/Arm/Packs/ARM/CMSIS-FreeRTOS/11.2.0/Source/queue.c(1135): warning: empty expression statement has no effect; remove unnecessary ';' to silence this warning [-Wextra-semi-stmt]
                    taskYIELD_WITHIN_API();
                                          ^
C:/Users/DSE-57-C-01/AppData/Local/Arm/Packs/ARM/CMSIS-FreeRTOS/11.2.0/Source/queue.c(1551): warning: empty expression statement has no effect; remove unnecessary ';' to silence this warning [-Wextra-semi-stmt]
                        queueYIELD_IF_USING_PREEMPTION();
                                                        ^
C:/Users/DSE-57-C-01/AppData/Local/Arm/Packs/ARM/CMSIS-FreeRTOS/11.2.0/Source/queue.c(1617): warning: empty expression statement has no effect; remove unnecessary ';' to silence this warning [-Wextra-semi-stmt]
                    taskYIELD_WITHIN_API();
                                          ^
C:/Users/DSE-57-C-01/AppData/Local/Arm/Packs/ARM/CMSIS-FreeRTOS/11.2.0/Source/queue.c(1721): warning: empty expression statement has no effect; remove unnecessary ';' to silence this warning [-Wextra-semi-stmt]
                        queueYIELD_IF_USING_PREEMPTION();
                                                        ^
C:/Users/DSE-57-C-01/AppData/Local/Arm/Packs/ARM/CMSIS-FreeRTOS/11.2.0/Source/queue.c(1807): warning: empty expression statement has no effect; remove unnecessary ';' to silence this warning [-Wextra-semi-stmt]
                    taskYIELD_WITHIN_API();
                                          ^
C:/Users/DSE-57-C-01/AppData/Local/Arm/Packs/ARM/CMSIS-FreeRTOS/11.2.0/Source/queue.c(1933): warning: empty expression statement has no effect; remove unnecessary ';' to silence this warning [-Wextra-semi-stmt]
                        queueYIELD_IF_USING_PREEMPTION();
                                                        ^
C:/Users/DSE-57-C-01/AppData/Local/Arm/Packs/ARM/CMSIS-FreeRTOS/11.2.0/Source/queue.c(2000): warning: empty expression statement has no effect; remove unnecessary ';' to silence this warning [-Wextra-semi-stmt]
                    taskYIELD_WITHIN_API();
                                          ^
15 warnings generated.
compiling queue.c...
C:/Users/DSE-57-C-01/AppData/Local/Arm/Packs/ARM/CMSIS-FreeRTOS/11.2.0/Source/tasks.c(39): warning: In file included from...
C:/Users/DSE-57-C-01/AppData/Local/Arm/Packs/ARM/CMSIS-FreeRTOS/11.2.0/Source/include\FreeRTOS.h(58): warning: In file included from...
./RTE/RTOS\FreeRTOSConfig.h(359): warning: '__ARM_ARCH_7A__' is not defined, evaluates to 0 [-Wundef]
#if (__ARM_ARCH_7A__ == 1U)
     ^
C:/Users/DSE-57-C-01/AppData/Local/Arm/Packs/ARM/CMSIS-FreeRTOS/11.2.0/Source/tasks.c(462): warning: no previous extern declaration for non-static variable 'pxCurrentTCB' [-Wmissing-variable-declarations]
    portDONT_DISCARD PRIVILEGED_DATA TCB_t * volatile pxCurrentTCB = NULL;
                                                      ^
C:/Users/DSE-57-C-01/AppData/Local/Arm/Packs/ARM/CMSIS-FreeRTOS/11.2.0/Source/tasks.c(462): note: declare 'static' if the variable is not intended to be used outside of this translation unit
    portDONT_DISCARD PRIVILEGED_DATA TCB_t * volatile pxCurrentTCB = NULL;
                                     ^
C:/Users/DSE-57-C-01/AppData/Local/Arm/Packs/ARM/CMSIS-FreeRTOS/11.2.0/Source/tasks.c(374): warning: padding size of 'struct tskTaskControlBlock' with 1 byte to alignment boundary [-Wpadded]
typedef struct tskTaskControlBlock       /* The old naming convention is used to prevent breaking kernel aware debuggers. */
               ^
C:/Users/DSE-57-C-01/AppData/Local/Arm/Packs/ARM/CMSIS-FreeRTOS/11.2.0/Source/tasks.c(39): warning: In file included from...
C:/Users/DSE-57-C-01/AppData/Local/Arm/Packs/ARM/CMSIS-FreeRTOS/11.2.0/Source/include\FreeRTOS.h(3164): warning: padding size of 'struct xSTATIC_TCB' with 1 byte to alignment boundary [-Wpadded]
typedef struct xSTATIC_TCB
               ^
C:/Users/DSE-57-C-01/AppData/Local/Arm/Packs/ARM/CMSIS-FreeRTOS/11.2.0/Source/tasks.c(2348): warning: empty expression statement has no effect; remove unnecessary ';' to silence this warning [-Wextra-semi-stmt]
                    taskYIELD_WITHIN_API();
                                          ^
C:/Users/DSE-57-C-01/AppData/Local/Arm/Packs/ARM/CMSIS-FreeRTOS/11.2.0/Source/tasks.c(2441): warning: empty expression statement has no effect; remove unnecessary ';' to silence this warning [-Wextra-semi-stmt]
            taskYIELD_WITHIN_API();
                                  ^
C:/Users/DSE-57-C-01/AppData/Local/Arm/Packs/ARM/CMSIS-FreeRTOS/11.2.0/Source/tasks.c(2493): warning: empty expression statement has no effect; remove unnecessary ';' to silence this warning [-Wextra-semi-stmt]
            taskYIELD_WITHIN_API();
                                  ^
C:/Users/DSE-57-C-01/AppData/Local/Arm/Packs/ARM/CMSIS-FreeRTOS/11.2.0/Source/tasks.c(3270): warning: empty expression statement has no effect; remove unnecessary ';' to silence this warning [-Wextra-semi-stmt]
                    portYIELD_WITHIN_API();
                                          ^
C:/Users/DSE-57-C-01/AppData/Local/Arm/Packs/ARM/CMSIS-FreeRTOS/11.2.0/Source/tasks.c(40): warning: In file included from...
C:/Users/DSE-57-C-01/AppData/Local/Arm/Packs/ARM/CMSIS-FreeRTOS/11.2.0/Source/include/task.h(169): warning: padding struct 'struct xTASK_STATUS' with 3 bytes to align 'uxCurrentPriority' [-Wpadded]
    UBaseType_t uxCurrentPriority;                /* The priority at which the task was running (may be inherited) when the structure was populated. */
                ^
C:/Users/DSE-57-C-01/AppData/Local/Arm/Packs/ARM/CMSIS-FreeRTOS/11.2.0/Source/tasks.c(5852): warning: empty expression statement has no effect; remove unnecessary ';' to silence this warning [-Wextra-semi-stmt]
                taskYIELD();
                           ^
C:/Users/DSE-57-C-01/AppData/Local/Arm/Packs/ARM/CMSIS-FreeRTOS/11.2.0/Source/tasks.c(5802): warning: function 'prvIdleTask' could be declared with attribute 'noreturn' [-Wmissing-noreturn]
{
^
C:/Users/DSE-57-C-01/AppData/Local/Arm/Packs/ARM/CMSIS-FreeRTOS/11.2.0/Source/tasks.c(7750): warning: empty expression statement has no effect; remove unnecessary ';' to silence this warning [-Wextra-semi-stmt]
                taskYIELD_WITHIN_API();
                                      ^
C:/Users/DSE-57-C-01/AppData/Local/Arm/Packs/ARM/CMSIS-FreeRTOS/11.2.0/Source/tasks.c(7857): warning: empty expression statement has no effect; remove unnecessary ';' to silence this warning [-Wextra-semi-stmt]
                taskYIELD_WITHIN_API();
                                      ^
C:/Users/DSE-57-C-01/AppData/Local/Arm/Packs/ARM/CMSIS-FreeRTOS/11.2.0/Source/tasks.c(7968): warning: default label in switch which covers all enumeration values [-Wcovered-switch-default]
                default:
                ^
C:/Users/DSE-57-C-01/AppData/Local/Arm/Packs/ARM/CMSIS-FreeRTOS/11.2.0/Source/tasks.c(8111): warning: default label in switch which covers all enumeration values [-Wcovered-switch-default]
                default:
                ^
15 warnings generated.
compiling tasks.c...
C:/Users/DSE-57-C-01/AppData/Local/Arm/Packs/ARM/CMSIS-FreeRTOS/11.2.0/Source/timers.c(37): warning: In file included from...
C:/Users/DSE-57-C-01/AppData/Local/Arm/Packs/ARM/CMSIS-FreeRTOS/11.2.0/Source/include\FreeRTOS.h(58): warning: In file included from...
./RTE/RTOS\FreeRTOSConfig.h(359): warning: '__ARM_ARCH_7A__' is not defined, evaluates to 0 [-Wundef]
#if (__ARM_ARCH_7A__ == 1U)
     ^
C:/Users/DSE-57-C-01/AppData/Local/Arm/Packs/ARM/CMSIS-FreeRTOS/11.2.0/Source/timers.c(37): warning: In file included from...
C:/Users/DSE-57-C-01/AppData/Local/Arm/Packs/ARM/CMSIS-FreeRTOS/11.2.0/Source/include\FreeRTOS.h(3164): warning: padding size of 'struct xSTATIC_TCB' with 1 byte to alignment boundary [-Wpadded]
typedef struct xSTATIC_TCB
               ^
C:/Users/DSE-57-C-01/AppData/Local/Arm/Packs/ARM/CMSIS-FreeRTOS/11.2.0/Source/timers.c(83): warning: padding size of 'struct tmrTimerControl' with 3 bytes to alignment boundary [-Wpadded]
    typedef struct tmrTimerControl                                               /* The old naming convention is used to prevent breaking kernel aware debuggers. */
                   ^
C:/Users/DSE-57-C-01/AppData/Local/Arm/Packs/ARM/CMSIS-FreeRTOS/11.2.0/Source/timers.c(37): warning: In file included from...
C:/Users/DSE-57-C-01/AppData/Local/Arm/Packs/ARM/CMSIS-FreeRTOS/11.2.0/Source/include\FreeRTOS.h(3309): warning: padding size of 'struct xSTATIC_TIMER' with 3 bytes to alignment boundary [-Wpadded]
typedef struct xSTATIC_TIMER
               ^
C:/Users/DSE-57-C-01/AppData/Local/Arm/Packs/ARM/CMSIS-FreeRTOS/11.2.0/Source/timers.c(745): warning: function 'prvTimerTask' could be declared with attribute 'noreturn' [-Wmissing-noreturn]
    {
    ^
C:/Users/DSE-57-C-01/AppData/Local/Arm/Packs/ARM/CMSIS-FreeRTOS/11.2.0/Source/timers.c(824): warning: empty expression statement has no effect; remove unnecessary ';' to silence this warning [-Wextra-semi-stmt]
                        taskYIELD_WITHIN_API();
                                              ^
C:/Users/DSE-57-C-01/AppData/Local/Arm/Packs/ARM/CMSIS-FreeRTOS/11.2.0/Source/timers.c(37): warning: In file included from...
C:/Users/DSE-57-C-01/AppData/Local/Arm/Packs/ARM/CMSIS-FreeRTOS/11.2.0/Source/include\FreeRTOS.h(3261): warning: padding struct 'struct xSTATIC_QUEUE' with 1 byte to align 'uxDummy8' [-Wpadded]
        UBaseType_t uxDummy8;
                    ^
C:/Users/DSE-57-C-01/AppData/Local/Arm/Packs/ARM/CMSIS-FreeRTOS/11.2.0/Source/include\FreeRTOS.h(3238): warning: padding size of 'struct xSTATIC_QUEUE' with 3 bytes to alignment boundary [-Wpadded]
typedef struct xSTATIC_QUEUE
               ^
8 warnings generated.
compiling timers.c...
linking...
Program Size: Code=15300 RO-data=520 RW-data=20 ZI-data=12992  
".\Objects\examen2.axf" - 0 Error(s), 88 Warning(s).

<h2>Software Packages used:</h2>

Package Vendor: ARM
                https://www.keil.com/pack/ARM.CMSIS.6.0.0.pack
                ARM.CMSIS.6.0.0
                CMSIS (Common Microcontroller Software Interface Standard)
   * Component: OS Tick Version: 1.0.1
   * Component: RTOS2 Version: 2.3.0
   * Component: CORE Version: 6.0.0
   * Component: SysTick Version: 1.0.5

Package Vendor: ARM
                https://www.keil.com/pack/ARM.CMSIS-FreeRTOS.11.2.0.pack
                ARM.CMSIS-FreeRTOS.11.2.0
                Bundle of FreeRTOS for Cortex-M and Cortex-A
   * Component: Config Variant: CMSIS RTOS2 Version: 11.2.0
   * Component: Core Variant: Cortex-M Version: 11.2.0
   * Component: Event Groups Version: 11.2.0
   * Component: Heap Variant: Heap_4 Version: 11.2.0
   * Component: Timers Version: 11.2.0
   * Component: FreeRTOS Variant: Cortex-M Version: 11.2.0

Package Vendor: Keil
                https://www.keil.com/pack/Keil.STM32F4xx_DFP.2.17.1.pack
                Keil.STM32F4xx_DFP.2.17.1
                STMicroelectronics STM32F4 Series Device Support, Drivers and Examples
   * Component: Startup Version: 2.6.3

<h2>Collection of Component include folders:</h2>
  ./RTE/RTOS
  ./RTE/_Target_1
  C:/Users/DSE-57-C-01/AppData/Local/Arm/Packs/ARM/CMSIS-FreeRTOS/11.2.0/CMSIS/RTOS2/FreeRTOS/Include
  C:/Users/DSE-57-C-01/AppData/Local/Arm/Packs/ARM/CMSIS-FreeRTOS/11.2.0/Source/include
  C:/Users/DSE-57-C-01/AppData/Local/Arm/Packs/ARM/CMSIS-FreeRTOS/11.2.0/Source/portable/GCC/ARM_CM4F
  C:/Users/DSE-57-C-01/AppData/Local/Arm/Packs/ARM/CMSIS/6.0.0/CMSIS/Core/Include
  C:/Users/DSE-57-C-01/AppData/Local/Arm/Packs/ARM/CMSIS/6.0.0/CMSIS/RTOS2/Include
  C:/Users/DSE-57-C-01/AppData/Local/Arm/Packs/Keil/STM32F4xx_DFP/2.17.1/Drivers/CMSIS/Device/ST/STM32F4xx/Include

<h2>Collection of Component Files used:</h2>

   * Component: ::CMSIS:OS Tick:1.0.1 (API)
      Include file:  CMSIS/RTOS2/Include/os_tick.h

   * Component: ::CMSIS:RTOS2:2.3.0 (API)
      Include file:  CMSIS/RTOS2/Include/cmsis_os2.h

   * Component: ARM.FreeRTOS::RTOS:Config:CMSIS RTOS2:11.2.0
      Include file:  CMSIS/RTOS2/FreeRTOS/Config/FreeRTOSConfig.h

   * Component: ARM.FreeRTOS::RTOS:Core:Cortex-M:11.2.0
      Source file:   CMSIS/RTOS2/FreeRTOS/Source/freertos_evr.c
      Source file:   Source/portable/GCC/ARM_CM4F/port.c
      Source file:   Source/list.c
      Source file:   Source/queue.c
      Include file:  Source/include/semphr.h
      Include file:  Source/include/FreeRTOS.h
      Include file:  Source/include/queue.h
      Source file:   Source/tasks.c
      Include file:  Source/include/task.h

   * Component: ARM.FreeRTOS::RTOS:Event Groups:11.2.0
      Include file:  Source/include/event_groups.h
      Source file:   Source/event_groups.c

   * Component: ARM.FreeRTOS::RTOS:Heap:Heap_4:11.2.0
      Source file:   Source/portable/MemMang/heap_4.c

   * Component: ARM.FreeRTOS::RTOS:Timers:11.2.0
      Include file:  Source/include/timers.h
      Source file:   Source/timers.c

   * Component: ARM::CMSIS:CORE:6.0.0

   * Component: ARM::CMSIS:OS Tick:SysTick:1.0.5
      Source file:   CMSIS/RTOS2/Source/os_systick.c

   * Component: ARM::CMSIS:RTOS2:FreeRTOS:Cortex-M:11.2.0
      Include file:  CMSIS/RTOS2/FreeRTOS/Include/freertos_mpool.h
      Source file:   CMSIS/RTOS2/FreeRTOS/Source/clib_os.c
      Source file:   CMSIS/RTOS2/FreeRTOS/Source/cmsis_os2.c

   * Component: Keil::Device:Startup:2.6.3
      Source file:   MDK/Device/Source/ARM/STM32F4xx_OTP.s
      Source file:   Drivers/CMSIS/Device/ST/STM32F4xx/Source/Templates/arm/startup_stm32f446xx.s
      Include file:  Drivers/CMSIS/Device/ST/STM32F4xx/Include/stm32f4xx.h
      Source file:   MDK/Device/Source/ARM/STM32F446xx_OPT.s
      Source file:   Drivers/CMSIS/Device/ST/STM32F4xx/Source/Templates/system_stm32f4xx.c
Build Time Elapsed:  00:00:03
</pre>
</body>
</html>
