<html>
<body>
<pre>
<h1>µVision Build Log</h1>
<h2>Tool Versions:</h2>
IDE-Version: µVision V5.42.0.0
Copyright (C) 2025 ARM Ltd and ARM Germany GmbH. All rights reserved.
License Information: das das, das, LIC=----
 
Tool Versions:
Toolchain:       MDK-Lite  Version: 5.42.0.0
Toolchain Path:  C:\Users\dasre\AppData\Local\Keil_v5\ARM\ARMCLANG\Bin
C Compiler:      ArmClang.exe V6.23
Assembler:       Armasm.exe V6.23
Linker/Locator:  ArmLink.exe V6.23
Library Manager: ArmAr.exe V6.23
Hex Converter:   FromElf.exe V6.23
CPU DLL:         SARMCM3.DLL V5.42.0.0
Dialog DLL:      DCM.DLL V1.17.5.0
Target DLL:      STLink\ST-LINKIII-KEIL_SWO.dll V3.3.0.0
Dialog DLL:      TCM.DLL V1.56.6.0
 
<h2>Project:</h2>
C:\Users\dasre\Documents\Knowledge\Knowledge\tmp\C-Cpp\Embedded\PY3ComplexCal\ComplexCalc.uvprojx
Project File Date:  10/24/2025

<h2>Output:</h2>
*** Using Compiler 'V6.23', folder: 'C:\Users\dasre\AppData\Local\Keil_v5\ARM\ARMCLANG\Bin'
Rebuild target 'Target_1'
compiling ComplexGJ.c...
assembling startup_stm32f411xe.s...
compiling system_stm32f4xx.c...
main.c(23): warning: unused variable 'ret' [-Wunused-variable]
   23 |     int ret = solve_complex_system(n, A, b, x);
      |         ^~~
main.c(25): warning: unused variable 'real0' [-Wunused-variable]
   25 |     float real0 = x[0].r;
      |           ^~~~~
main.c(26): warning: unused variable 'real1' [-Wunused-variable]
   26 |     float real1 = x[1].r;
      |           ^~~~~
main.c(27): warning: unused variable 'real2' [-Wunused-variable]
   27 |     float real2 = x[2].r;
      |           ^~~~~
main.c(29): warning: unused variable 'im0' [-Wunused-variable]
   29 |     float im0 = x[0].i;
      |           ^~~
main.c(30): warning: unused variable 'im1' [-Wunused-variable]
   30 |     float im1 = x[1].i;
      |           ^~~
main.c(31): warning: unused variable 'im2' [-Wunused-variable]
   31 |     float im2 = x[2].i;
      |           ^~~
7 warnings generated.
compiling main.c...
linking...
Program Size: Code=2760 RO-data=424 RW-data=0 ZI-data=1632  
".\Objects\ComplexCalc.axf" - 0 Error(s), 7 Warning(s).

<h2>Software Packages used:</h2>

Package Vendor: ARM
                https://www.keil.com/pack/ARM.CMSIS.6.1.0.pack
                ARM::CMSIS@6.1.0
                CMSIS (Common Microcontroller Software Interface Standard)
   * Component: CORE Version: 6.1.0

Package Vendor: Keil
                https://www.keil.com/pack/Keil.STM32F4xx_DFP.2.17.1.pack
                Keil::STM32F4xx_DFP@2.17.1
                STMicroelectronics STM32F4 Series Device Support, Drivers and Examples
   * Component: Startup Version: 2.6.3

<h2>Collection of Component include folders:</h2>
  ./RTE/_Target_1
  C:/Users/dasre/AppData/Local/Arm/Packs/ARM/CMSIS/6.1.0/CMSIS/Core/Include
  C:/Users/dasre/AppData/Local/Arm/Packs/Keil/STM32F4xx_DFP/2.17.1/Drivers/CMSIS/Device/ST/STM32F4xx/Include

<h2>Collection of Component Files used:</h2>

   * Component: ARM::CMSIS:CORE@6.1.0

   * Component: Keil::Device:Startup@2.6.3
      Source file:   MDK/Device/Source/ARM/STM32F411xx_OPT.s
      Source file:   Drivers/CMSIS/Device/ST/STM32F4xx/Source/Templates/arm/startup_stm32f411xe.s
      Include file:  Drivers/CMSIS/Device/ST/STM32F4xx/Include/stm32f4xx.h
      Source file:   MDK/Device/Source/ARM/STM32F4xx_OTP.s
      Source file:   Drivers/CMSIS/Device/ST/STM32F4xx/Source/Templates/system_stm32f4xx.c
Build Time Elapsed:  00:00:02
</pre>
</body>
</html>
