19:55:44 **** Incremental Build of configuration Debug for project CARRITOBLPRX ****
make -j8 all 
arm-none-eabi-gcc "../Core/Src/main.c" -mcpu=cortex-m3 -std=gnu11 -g3 -DDEBUG -DUSE_HAL_DRIVER -DSTM32F103xB -c -I../Core/Inc -I../Drivers/STM32F1xx_HAL_Driver/Inc/Legacy -I../Drivers/STM32F1xx_HAL_Driver/Inc -I../Drivers/CMSIS/Device/ST/STM32F1xx/Include -I../Drivers/CMSIS/Include -O0 -ffunction-sections -fdata-sections -Wall -fstack-usage -fcyclomatic-complexity -MMD -MP -MF"Core/Src/main.d" -MT"Core/Src/main.o" --specs=nano.specs -mfloat-abi=soft -mthumb -o "Core/Src/main.o"
../Core/Src/main.c: In function 'main':
../Core/Src/main.c:146:23: warning: passing argument 1 of 'nrf24_receive' from incompatible pointer type [-Wincompatible-pointer-types]
  146 |         nrf24_receive(dataRx, sizeof(dataRx));
      |                       ^~~~~~
      |                       |
      |                       float *
In file included from ../Core/Src/main.c:28:
../Core/Inc/NRF24.h:352:29: note: expected 'uint8_t *' {aka 'unsigned char *'} but argument is of type 'float *'
  352 | void nrf24_receive(uint8_t *data, uint8_t size);
      |                    ~~~~~~~~~^~~~
arm-none-eabi-gcc -o "CARRITOBLPRX.elf" @"objects.list"   -mcpu=cortex-m3 -T"C:\Users\dasre\Documents\Knowledge-db\ghFiles\STM32F-CAR\0MainProject\RFCar\STM32F103C8TX_FLASH.ld" --specs=nosys.specs -Wl,-Map="CARRITOBLPRX.map" -Wl,--gc-sections -static --specs=nano.specs -mfloat-abi=soft -mthumb -Wl,--start-group -lc -lm -Wl,--end-group
Finished building target: CARRITOBLPRX.elf
 
arm-none-eabi-size  CARRITOBLPRX.elf 
arm-none-eabi-objdump -h -S CARRITOBLPRX.elf  > "CARRITOBLPRX.list"
   text	   data	    bss	    dec	    hex	filename
  13372	     16	   1840	  15228	   3b7c	CARRITOBLPRX.elf
Finished building: default.size.stdout
 
Finished building: CARRITOBLPRX.list
 

19:55:48 Build Finished. 0 errors, 1 warnings. (took 3s.205ms)

