19:28:41 **** Incremental Build of configuration Debug for project COMPLEXCALBLACKPILL ****
make -j8 all 
arm-none-eabi-gcc "../Core/Src/main.c" -mcpu=cortex-m4 -std=gnu11 -g3 -DDEBUG -DUSE_HAL_DRIVER -DSTM32F411xE -c -I../Core/Inc -I../Drivers/STM32F4xx_HAL_Driver/Inc -I../Drivers/STM32F4xx_HAL_Driver/Inc/Legacy -I../Drivers/CMSIS/Device/ST/STM32F4xx/Include -I../Drivers/CMSIS/Include -O0 -ffunction-sections -fdata-sections -Wall -fstack-usage -fcyclomatic-complexity -MMD -MP -MF"Core/Src/main.d" -MT"Core/Src/main.o" --specs=nano.specs -mfpu=fpv4-sp-d16 -mfloat-abi=hard -mthumb -o "Core/Src/main.o"
../Core/Src/main.c: In function 'main':
../Core/Src/main.c:50:3: warning: implicit declaration of function 'SystemClock_Config'; did you mean 'SysTick_Config'? [-Wimplicit-function-declaration]
   50 |   SystemClock_Config();
      |   ^~~~~~~~~~~~~~~~~~
      |   SysTick_Config
../Core/Src/main.c:51:3: warning: implicit declaration of function 'MX_GPIO_Init'; did you mean 'HAL_GPIO_Init'? [-Wimplicit-function-declaration]
   51 |   MX_GPIO_Init();
      |   ^~~~~~~~~~~~
      |   HAL_GPIO_Init
../Core/Src/main.c:52:3: warning: implicit declaration of function 'MX_SPI1_Init'; did you mean 'HAL_SPI_Init'? [-Wimplicit-function-declaration]
   52 |   MX_SPI1_Init();
      |   ^~~~~~~~~~~~
      |   HAL_SPI_Init
../Core/Src/main.c:82:15: warning: assignment to 'char *' from 'uint32_t' {aka 'long unsigned int'} makes pointer from integer without a cast [-Wint-conversion]
   82 |       keypress=gotKey();
      |               ^
../Core/Src/main.c:94:16: warning: multi-character character constant [-Wmultichar]
   94 | if(*keypress!= 'ñ'){
      |                ^~~
../Core/Src/main.c: In function 'readPad':
../Core/Src/main.c:119:11: warning: assignment to 'char *' from 'uint32_t' {aka 'long unsigned int'} makes pointer from integer without a cast [-Wint-conversion]
  119 |   keypress=gotKey();
      |           ^
../Core/Src/main.c:120:19: warning: multi-character character constant [-Wmultichar]
  120 |   if(*keypress == 'ñ')
      |                   ^~~
../Core/Src/main.c:132:31: warning: cast from pointer to integer of different size [-Wpointer-to-int-cast]
  132 |         buffer[index_var++] = (char)keypress;
      |                               ^
../Core/Src/main.c: At top level:
../Core/Src/main.c:30:23: warning: 'TestImage' defined but not used [-Wunused-const-variable=]
   30 | static const uint16_t TestImage [] ={
      |                       ^~~~~~~~~
arm-none-eabi-gcc -o "COMPLEXCALBLACKPILL.elf" @"objects.list"   -mcpu=cortex-m4 -T"C:\Users\dasre\Documents\Knowledge-db\ghFiles\pycodes\ComplexCalc\Py-ComplexCalc\OtherCalcs\HW Version\BlackPill STM32F411CE\02COMPLEXCAL\STM32F411CEUX_FLASH.ld" --specs=nosys.specs -Wl,-Map="COMPLEXCALBLACKPILL.map" -Wl,--gc-sections -static --specs=nano.specs -mfpu=fpv4-sp-d16 -mfloat-abi=hard -mthumb -Wl,--start-group -lc -lm -Wl,--end-group
C:/ST/STM32CubeIDE_1.19.0/STM32CubeIDE/plugins/com.st.stm32cube.ide.mcu.externaltools.gnu-tools-for-stm32.13.3.rel1.win32_1.0.0.202411081344/tools/bin/../lib/gcc/arm-none-eabi/13.3.1/../../../../arm-none-eabi/bin/ld.exe: ./Core/Src/main.o: in function `main':
C:/Users/dasre/Documents/Knowledge-db/ghFiles/pycodes/ComplexCalc/Py-ComplexCalc/OtherCalcs/HW Version/BlackPill STM32F411CE/02COMPLEXCAL/Debug/../Core/Src/main.c:50:(.text.main+0xa): undefined reference to `SystemClock_Config'
C:/ST/STM32CubeIDE_1.19.0/STM32CubeIDE/plugins/com.st.stm32cube.ide.mcu.externaltools.gnu-tools-for-stm32.13.3.rel1.win32_1.0.0.202411081344/tools/bin/../lib/gcc/arm-none-eabi/13.3.1/../../../../arm-none-eabi/bin/ld.exe: C:/Users/dasre/Documents/Knowledge-db/ghFiles/pycodes/ComplexCalc/Py-ComplexCalc/OtherCalcs/HW Version/BlackPill STM32F411CE/02COMPLEXCAL/Debug/../Core/Src/main.c:51:(.text.main+0xe): undefined reference to `MX_GPIO_Init'
C:/ST/STM32CubeIDE_1.19.0/STM32CubeIDE/plugins/com.st.stm32cube.ide.mcu.externaltools.gnu-tools-for-stm32.13.3.rel1.win32_1.0.0.202411081344/tools/bin/../lib/gcc/arm-none-eabi/13.3.1/../../../../arm-none-eabi/bin/ld.exe: C:/Users/dasre/Documents/Knowledge-db/ghFiles/pycodes/ComplexCalc/Py-ComplexCalc/OtherCalcs/HW Version/BlackPill STM32F411CE/02COMPLEXCAL/Debug/../Core/Src/main.c:52:(.text.main+0x12): undefined reference to `MX_SPI1_Init'
C:/ST/STM32CubeIDE_1.19.0/STM32CubeIDE/plugins/com.st.stm32cube.ide.mcu.externaltools.gnu-tools-for-stm32.13.3.rel1.win32_1.0.0.202411081344/tools/bin/../lib/gcc/arm-none-eabi/13.3.1/../../../../arm-none-eabi/bin/ld.exe: C:/Users/dasre/Documents/Knowledge-db/ghFiles/pycodes/ComplexCalc/Py-ComplexCalc/OtherCalcs/HW Version/BlackPill STM32F411CE/02COMPLEXCAL/Debug/../Core/Src/main.c:53:(.text.main+0x16): undefined reference to `confRCC'
C:/ST/STM32CubeIDE_1.19.0/STM32CubeIDE/plugins/com.st.stm32cube.ide.mcu.externaltools.gnu-tools-for-stm32.13.3.rel1.win32_1.0.0.202411081344/tools/bin/../lib/gcc/arm-none-eabi/13.3.1/../../../../arm-none-eabi/bin/ld.exe: ./Core/Src/st7735.o: in function `ST7735_WriteCommand':
C:/Users/dasre/Documents/Knowledge-db/ghFiles/c-cpp/Embedded/PY3ComplexCal/BlackPill STM32F411CE/COMPLEXCALBLACKPILL/Debug/../Core/Src/st7735.c:105:(.text.ST7735_WriteCommand+0x30): undefined reference to `hspi1'
C:/ST/STM32CubeIDE_1.19.0/STM32CubeIDE/plugins/com.st.stm32cube.ide.mcu.externaltools.gnu-tools-for-stm32.13.3.rel1.win32_1.0.0.202411081344/tools/bin/../lib/gcc/arm-none-eabi/13.3.1/../../../../arm-none-eabi/bin/ld.exe: ./Core/Src/st7735.o: in function `ST7735_WriteData':
C:/Users/dasre/Documents/Knowledge-db/ghFiles/c-cpp/Embedded/PY3ComplexCal/BlackPill STM32F411CE/COMPLEXCALBLACKPILL/Debug/../Core/Src/st7735.c:110:(.text.ST7735_WriteData+0x30): undefined reference to `hspi1'
C:/ST/STM32CubeIDE_1.19.0/STM32CubeIDE/plugins/com.st.stm32cube.ide.mcu.externaltools.gnu-tools-for-stm32.13.3.rel1.win32_1.0.0.202411081344/tools/bin/../lib/gcc/arm-none-eabi/13.3.1/../../../../arm-none-eabi/bin/ld.exe: ./Core/Src/st7735.o: in function `ST7735_FillRectangle':
C:/Users/dasre/Documents/Knowledge-db/ghFiles/c-cpp/Embedded/PY3ComplexCal/BlackPill STM32F411CE/COMPLEXCALBLACKPILL/Debug/../Core/Src/st7735.c:256:(.text.ST7735_FillRectangle+0xe0): undefined reference to `hspi1'
collect2.exe: error: ld returned 1 exit status
make: *** [makefile:64: COMPLEXCALBLACKPILL.elf] Error 1
"make -j8 all" terminated with exit code 2. Build might be incomplete.

19:28:43 Build Failed. 8 errors, 9 warnings. (took 2s.628ms)

