18:23:14 **** Incremental Build of configuration Debug for project TX_BlackPill ****
make -j8 all 
arm-none-eabi-gcc "../Core/Src/main.c" -mcpu=cortex-m4 -std=gnu11 -g3 -DDEBUG -DUSE_HAL_DRIVER -DSTM32F411xE -c -I../Core/Inc -I../Drivers/STM32F4xx_HAL_Driver/Inc -I../Drivers/STM32F4xx_HAL_Driver/Inc/Legacy -I../Drivers/CMSIS/Device/ST/STM32F4xx/Include -I../Drivers/CMSIS/Include -O0 -ffunction-sections -fdata-sections -Wall -fstack-usage -fcyclomatic-complexity -MMD -MP -MF"Core/Src/main.d" -MT"Core/Src/main.o" --specs=nano.specs -mfpu=fpv4-sp-d16 -mfloat-abi=hard -mthumb -o "Core/Src/main.o"
../Core/Src/main.c: In function 'main':
../Core/Src/main.c:138:25: warning: unused variable 'deg_gz' [-Wunused-variable]
  138 |   float deg_gx, deg_gy, deg_gz;
      |                         ^~~~~~
../Core/Src/main.c:138:17: warning: unused variable 'deg_gy' [-Wunused-variable]
  138 |   float deg_gx, deg_gy, deg_gz;
      |                 ^~~~~~
../Core/Src/main.c:138:9: warning: unused variable 'deg_gx' [-Wunused-variable]
  138 |   float deg_gx, deg_gy, deg_gz;
      |         ^~~~~~
arm-none-eabi-gcc -o "TX_BlackPill.elf" @"objects.list"   -mcpu=cortex-m4 -T"C:\Users\dasre\Documents\Knowledge-db\ghFiles\STM32F-CAR\Test\Cube\BlackPill\1RFTX_BlackPill\STM32F411CEUX_FLASH.ld" --specs=nosys.specs -Wl,-Map="TX_BlackPill.map" -Wl,--gc-sections -static --specs=nano.specs -mfpu=fpv4-sp-d16 -mfloat-abi=hard -mthumb -u _printf_float -Wl,--start-group -lc -lm -Wl,--end-group
Finished building target: TX_BlackPill.elf
 
arm-none-eabi-size  TX_BlackPill.elf 
arm-none-eabi-objdump -h -S TX_BlackPill.elf  > "TX_BlackPill.list"
   text	   data	    bss	    dec	    hex	filename
  34280	    472	   2160	  36912	   9030	TX_BlackPill.elf
Finished building: default.size.stdout
 
Finished building: TX_BlackPill.list
 
18:23:20 **** Incremental Build of configuration Debug for project TX_BlackPill ****
make -j8 all 
arm-none-eabi-size  TX_BlackPill.elf 
   text	   data	    bss	    dec	    hex	filename
  34280	    472	   2160	  36912	   9030	TX_BlackPill.elf
Finished building: default.size.stdout
 
18:24:59 **** Incremental Build of configuration Debug for project TX_BlackPill ****
make -j8 all 
arm-none-eabi-gcc "../Core/Src/main.c" -mcpu=cortex-m4 -std=gnu11 -g3 -DDEBUG -DUSE_HAL_DRIVER -DSTM32F411xE -c -I../Core/Inc -I../Drivers/STM32F4xx_HAL_Driver/Inc -I../Drivers/STM32F4xx_HAL_Driver/Inc/Legacy -I../Drivers/CMSIS/Device/ST/STM32F4xx/Include -I../Drivers/CMSIS/Include -O0 -ffunction-sections -fdata-sections -Wall -fstack-usage -fcyclomatic-complexity -MMD -MP -MF"Core/Src/main.d" -MT"Core/Src/main.o" --specs=nano.specs -mfpu=fpv4-sp-d16 -mfloat-abi=hard -mthumb -o "Core/Src/main.o"
../Core/Src/main.c: In function 'main':
../Core/Src/main.c:138:25: warning: unused variable 'deg_gz' [-Wunused-variable]
  138 |   float deg_gx, deg_gy, deg_gz;
      |                         ^~~~~~
../Core/Src/main.c:138:17: warning: unused variable 'deg_gy' [-Wunused-variable]
  138 |   float deg_gx, deg_gy, deg_gz;
      |                 ^~~~~~
../Core/Src/main.c:138:9: warning: unused variable 'deg_gx' [-Wunused-variable]
  138 |   float deg_gx, deg_gy, deg_gz;
      |         ^~~~~~
arm-none-eabi-gcc -o "TX_BlackPill.elf" @"objects.list"   -mcpu=cortex-m4 -T"C:\Users\dasre\Documents\Knowledge-db\ghFiles\STM32F-CAR\Test\Cube\BlackPill\1RFTX_BlackPill\STM32F411CEUX_FLASH.ld" --specs=nosys.specs -Wl,-Map="TX_BlackPill.map" -Wl,--gc-sections -static --specs=nano.specs -mfpu=fpv4-sp-d16 -mfloat-abi=hard -mthumb -u _printf_float -Wl,--start-group -lc -lm -Wl,--end-group
Finished building target: TX_BlackPill.elf
 
arm-none-eabi-size  TX_BlackPill.elf 
arm-none-eabi-objdump -h -S TX_BlackPill.elf  > "TX_BlackPill.list"
   text	   data	    bss	    dec	    hex	filename
  34280	    472	   2152	  36904	   9028	TX_BlackPill.elf
Finished building: default.size.stdout
 
Finished building: TX_BlackPill.list
 
18:27:35 **** Incremental Build of configuration Debug for project TX_BlackPill ****
make -j8 all 
arm-none-eabi-gcc "../Core/Src/main.c" -mcpu=cortex-m4 -std=gnu11 -g3 -DDEBUG -DUSE_HAL_DRIVER -DSTM32F411xE -c -I../Core/Inc -I../Drivers/STM32F4xx_HAL_Driver/Inc -I../Drivers/STM32F4xx_HAL_Driver/Inc/Legacy -I../Drivers/CMSIS/Device/ST/STM32F4xx/Include -I../Drivers/CMSIS/Include -O0 -ffunction-sections -fdata-sections -Wall -fstack-usage -fcyclomatic-complexity -MMD -MP -MF"Core/Src/main.d" -MT"Core/Src/main.o" --specs=nano.specs -mfpu=fpv4-sp-d16 -mfloat-abi=hard -mthumb -o "Core/Src/main.o"
../Core/Src/main.c: In function 'main':
../Core/Src/main.c:189:20: error: 'pwm_casted' undeclared (first use in this function); did you mean 'pwmcasted'?
  189 |     dataTx.angle = pwm_casted;
      |                    ^~~~~~~~~~
      |                    pwmcasted
../Core/Src/main.c:189:20: note: each undeclared identifier is reported only once for each function it appears in
../Core/Src/main.c:138:25: warning: unused variable 'deg_gz' [-Wunused-variable]
  138 |   float deg_gx, deg_gy, deg_gz;
      |                         ^~~~~~
../Core/Src/main.c:138:17: warning: unused variable 'deg_gy' [-Wunused-variable]
  138 |   float deg_gx, deg_gy, deg_gz;
      |                 ^~~~~~
../Core/Src/main.c:138:9: warning: unused variable 'deg_gx' [-Wunused-variable]
  138 |   float deg_gx, deg_gy, deg_gz;
      |         ^~~~~~
make: *** [Core/Src/subdir.mk:40: Core/Src/main.o] Error 1
"make -j8 all" terminated with exit code 2. Build might be incomplete.
18:27:47 **** Incremental Build of configuration Debug for project TX_BlackPill ****
make -j8 all 
arm-none-eabi-gcc "../Core/Src/main.c" -mcpu=cortex-m4 -std=gnu11 -g3 -DDEBUG -DUSE_HAL_DRIVER -DSTM32F411xE -c -I../Core/Inc -I../Drivers/STM32F4xx_HAL_Driver/Inc -I../Drivers/STM32F4xx_HAL_Driver/Inc/Legacy -I../Drivers/CMSIS/Device/ST/STM32F4xx/Include -I../Drivers/CMSIS/Include -O0 -ffunction-sections -fdata-sections -Wall -fstack-usage -fcyclomatic-complexity -MMD -MP -MF"Core/Src/main.d" -MT"Core/Src/main.o" --specs=nano.specs -mfpu=fpv4-sp-d16 -mfloat-abi=hard -mthumb -o "Core/Src/main.o"
../Core/Src/main.c: In function 'main':
../Core/Src/main.c:166:7: error: 'pwmcasted' undeclared (first use in this function); did you mean 'pwm_casted'?
  166 |       pwmcasted =  (uint16_t)pwm_val;
      |       ^~~~~~~~~
      |       pwm_casted
../Core/Src/main.c:166:7: note: each undeclared identifier is reported only once for each function it appears in
../Core/Src/main.c:138:25: warning: unused variable 'deg_gz' [-Wunused-variable]
  138 |   float deg_gx, deg_gy, deg_gz;
      |                         ^~~~~~
../Core/Src/main.c:138:17: warning: unused variable 'deg_gy' [-Wunused-variable]
  138 |   float deg_gx, deg_gy, deg_gz;
      |                 ^~~~~~
../Core/Src/main.c:138:9: warning: unused variable 'deg_gx' [-Wunused-variable]
  138 |   float deg_gx, deg_gy, deg_gz;
      |         ^~~~~~
make: *** [Core/Src/subdir.mk:40: Core/Src/main.o] Error 1
"make -j8 all" terminated with exit code 2. Build might be incomplete.
18:28:10 **** Incremental Build of configuration Debug for project TX_BlackPill ****
make -j8 all 
arm-none-eabi-gcc "../Core/Src/main.c" -mcpu=cortex-m4 -std=gnu11 -g3 -DDEBUG -DUSE_HAL_DRIVER -DSTM32F411xE -c -I../Core/Inc -I../Drivers/STM32F4xx_HAL_Driver/Inc -I../Drivers/STM32F4xx_HAL_Driver/Inc/Legacy -I../Drivers/CMSIS/Device/ST/STM32F4xx/Include -I../Drivers/CMSIS/Include -O0 -ffunction-sections -fdata-sections -Wall -fstack-usage -fcyclomatic-complexity -MMD -MP -MF"Core/Src/main.d" -MT"Core/Src/main.o" --specs=nano.specs -mfpu=fpv4-sp-d16 -mfloat-abi=hard -mthumb -o "Core/Src/main.o"
../Core/Src/main.c: In function 'main':
../Core/Src/main.c:138:25: warning: unused variable 'deg_gz' [-Wunused-variable]
  138 |   float deg_gx, deg_gy, deg_gz;
      |                         ^~~~~~
../Core/Src/main.c:138:17: warning: unused variable 'deg_gy' [-Wunused-variable]
  138 |   float deg_gx, deg_gy, deg_gz;
      |                 ^~~~~~
../Core/Src/main.c:138:9: warning: unused variable 'deg_gx' [-Wunused-variable]
  138 |   float deg_gx, deg_gy, deg_gz;
      |         ^~~~~~
arm-none-eabi-gcc -o "TX_BlackPill.elf" @"objects.list"   -mcpu=cortex-m4 -T"C:\Users\dasre\Documents\Knowledge-db\ghFiles\STM32F-CAR\Test\Cube\BlackPill\1RFTX_BlackPill\STM32F411CEUX_FLASH.ld" --specs=nosys.specs -Wl,-Map="TX_BlackPill.map" -Wl,--gc-sections -static --specs=nano.specs -mfpu=fpv4-sp-d16 -mfloat-abi=hard -mthumb -u _printf_float -Wl,--start-group -lc -lm -Wl,--end-group
Finished building target: TX_BlackPill.elf
 
arm-none-eabi-size  TX_BlackPill.elf 
arm-none-eabi-objdump -h -S TX_BlackPill.elf  > "TX_BlackPill.list"
   text	   data	    bss	    dec	    hex	filename
  34296	    472	   2160	  36928	   9040	TX_BlackPill.elf
Finished building: default.size.stdout
 
Finished building: TX_BlackPill.list
 
18:34:41 **** Incremental Build of configuration Debug for project TX_BlackPill ****
make -j8 all 
arm-none-eabi-size  TX_BlackPill.elf 
   text	   data	    bss	    dec	    hex	filename
  34296	    472	   2160	  36928	   9040	TX_BlackPill.elf
Finished building: default.size.stdout
 
18:37:08 **** Incremental Build of configuration Debug for project TX_BlackPill ****
make -j8 all 
arm-none-eabi-size  TX_BlackPill.elf 
   text	   data	    bss	    dec	    hex	filename
  34296	    472	   2160	  36928	   9040	TX_BlackPill.elf
Finished building: default.size.stdout
 
18:39:46 **** Incremental Build of configuration Debug for project TX_BlackPill ****
make -j8 all 
arm-none-eabi-gcc "../Core/Src/main.c" -mcpu=cortex-m4 -std=gnu11 -g3 -DDEBUG -DUSE_HAL_DRIVER -DSTM32F411xE -c -I../Core/Inc -I../Drivers/STM32F4xx_HAL_Driver/Inc -I../Drivers/STM32F4xx_HAL_Driver/Inc/Legacy -I../Drivers/CMSIS/Device/ST/STM32F4xx/Include -I../Drivers/CMSIS/Include -O0 -ffunction-sections -fdata-sections -Wall -fstack-usage -fcyclomatic-complexity -MMD -MP -MF"Core/Src/main.d" -MT"Core/Src/main.o" --specs=nano.specs -mfpu=fpv4-sp-d16 -mfloat-abi=hard -mthumb -o "Core/Src/main.o"
../Core/Src/main.c: In function 'main':
../Core/Src/main.c:138:25: warning: unused variable 'deg_gz' [-Wunused-variable]
  138 |   float deg_gx, deg_gy, deg_gz;
      |                         ^~~~~~
../Core/Src/main.c:138:17: warning: unused variable 'deg_gy' [-Wunused-variable]
  138 |   float deg_gx, deg_gy, deg_gz;
      |                 ^~~~~~
../Core/Src/main.c:138:9: warning: unused variable 'deg_gx' [-Wunused-variable]
  138 |   float deg_gx, deg_gy, deg_gz;
      |         ^~~~~~
arm-none-eabi-gcc -o "TX_BlackPill.elf" @"objects.list"   -mcpu=cortex-m4 -T"C:\Users\dasre\Documents\Knowledge-db\ghFiles\STM32F-CAR\Test\Cube\BlackPill\1RFTX_BlackPill\STM32F411CEUX_FLASH.ld" --specs=nosys.specs -Wl,-Map="TX_BlackPill.map" -Wl,--gc-sections -static --specs=nano.specs -mfpu=fpv4-sp-d16 -mfloat-abi=hard -mthumb -u _printf_float -Wl,--start-group -lc -lm -Wl,--end-group
Finished building target: TX_BlackPill.elf
 
arm-none-eabi-size  TX_BlackPill.elf 
arm-none-eabi-objdump -h -S TX_BlackPill.elf  > "TX_BlackPill.list"
   text	   data	    bss	    dec	    hex	filename
  34288	    472	   2160	  36920	   9038	TX_BlackPill.elf
Finished building: default.size.stdout
 
Finished building: TX_BlackPill.list
 
18:44:05 **** Incremental Build of configuration Debug for project TX_BlackPill ****
make -j8 all 
arm-none-eabi-size  TX_BlackPill.elf 
   text	   data	    bss	    dec	    hex	filename
  34288	    472	   2160	  36920	   9038	TX_BlackPill.elf
Finished building: default.size.stdout
 
18:45:14 **** Incremental Build of configuration Debug for project TX_BlackPill ****
make -j8 all 
arm-none-eabi-gcc "../Core/Src/main.c" -mcpu=cortex-m4 -std=gnu11 -g3 -DDEBUG -DUSE_HAL_DRIVER -DSTM32F411xE -c -I../Core/Inc -I../Drivers/STM32F4xx_HAL_Driver/Inc -I../Drivers/STM32F4xx_HAL_Driver/Inc/Legacy -I../Drivers/CMSIS/Device/ST/STM32F4xx/Include -I../Drivers/CMSIS/Include -O0 -ffunction-sections -fdata-sections -Wall -fstack-usage -fcyclomatic-complexity -MMD -MP -MF"Core/Src/main.d" -MT"Core/Src/main.o" --specs=nano.specs -mfpu=fpv4-sp-d16 -mfloat-abi=hard -mthumb -o "Core/Src/main.o"
../Core/Src/main.c: In function 'main':
../Core/Src/main.c:138:25: warning: unused variable 'deg_gz' [-Wunused-variable]
  138 |   float deg_gx, deg_gy, deg_gz;
      |                         ^~~~~~
../Core/Src/main.c:138:17: warning: unused variable 'deg_gy' [-Wunused-variable]
  138 |   float deg_gx, deg_gy, deg_gz;
      |                 ^~~~~~
../Core/Src/main.c:138:9: warning: unused variable 'deg_gx' [-Wunused-variable]
  138 |   float deg_gx, deg_gy, deg_gz;
      |         ^~~~~~
arm-none-eabi-gcc -o "TX_BlackPill.elf" @"objects.list"   -mcpu=cortex-m4 -T"C:\Users\dasre\Documents\Knowledge-db\ghFiles\STM32F-CAR\Test\Cube\BlackPill\1RFTX_BlackPill\STM32F411CEUX_FLASH.ld" --specs=nosys.specs -Wl,-Map="TX_BlackPill.map" -Wl,--gc-sections -static --specs=nano.specs -mfpu=fpv4-sp-d16 -mfloat-abi=hard -mthumb -u _printf_float -Wl,--start-group -lc -lm -Wl,--end-group
Finished building target: TX_BlackPill.elf
 
arm-none-eabi-size  TX_BlackPill.elf 
arm-none-eabi-objdump -h -S TX_BlackPill.elf  > "TX_BlackPill.list"
   text	   data	    bss	    dec	    hex	filename
  34280	    472	   2152	  36904	   9028	TX_BlackPill.elf
Finished building: default.size.stdout
 
Finished building: TX_BlackPill.list
 
18:48:25 **** Incremental Build of configuration Debug for project TX_BlackPill ****
make -j8 all 
arm-none-eabi-size  TX_BlackPill.elf 
   text	   data	    bss	    dec	    hex	filename
  34280	    472	   2152	  36904	   9028	TX_BlackPill.elf
Finished building: default.size.stdout
 
18:51:39 **** Incremental Build of configuration Debug for project TX_BlackPill ****
make -j8 all 
arm-none-eabi-size  TX_BlackPill.elf 
   text	   data	    bss	    dec	    hex	filename
  34280	    472	   2152	  36904	   9028	TX_BlackPill.elf
Finished building: default.size.stdout
 
18:59:43 **** Incremental Build of configuration Debug for project TX_BlackPill ****
make -j8 all 
arm-none-eabi-size  TX_BlackPill.elf 
   text	   data	    bss	    dec	    hex	filename
  34280	    472	   2152	  36904	   9028	TX_BlackPill.elf
Finished building: default.size.stdout
 
19:55:44 **** Incremental Build of configuration Debug for project CARRITOBLPRX ****
make -j8 all 
arm-none-eabi-gcc "../Core/Src/main.c" -mcpu=cortex-m3 -std=gnu11 -g3 -DDEBUG -DUSE_HAL_DRIVER -DSTM32F103xB -c -I../Core/Inc -I../Drivers/STM32F1xx_HAL_Driver/Inc/Legacy -I../Drivers/STM32F1xx_HAL_Driver/Inc -I../Drivers/CMSIS/Device/ST/STM32F1xx/Include -I../Drivers/CMSIS/Include -O0 -ffunction-sections -fdata-sections -Wall -fstack-usage -fcyclomatic-complexity -MMD -MP -MF"Core/Src/main.d" -MT"Core/Src/main.o" --specs=nano.specs -mfloat-abi=soft -mthumb -o "Core/Src/main.o"
../Core/Src/main.c: In function 'main':
../Core/Src/main.c:146:23: warning: passing argument 1 of 'nrf24_receive' from incompatible pointer type [-Wincompatible-pointer-types]
  146 |         nrf24_receive(dataRx, sizeof(dataRx));
      |                       ^~~~~~
      |                       |
      |                       float *
In file included from ../Core/Src/main.c:28:
../Core/Inc/NRF24.h:352:29: note: expected 'uint8_t *' {aka 'unsigned char *'} but argument is of type 'float *'
  352 | void nrf24_receive(uint8_t *data, uint8_t size);
      |                    ~~~~~~~~~^~~~
arm-none-eabi-gcc -o "CARRITOBLPRX.elf" @"objects.list"   -mcpu=cortex-m3 -T"C:\Users\dasre\Documents\Knowledge-db\ghFiles\STM32F-CAR\0MainProject\RFCar\STM32F103C8TX_FLASH.ld" --specs=nosys.specs -Wl,-Map="CARRITOBLPRX.map" -Wl,--gc-sections -static --specs=nano.specs -mfloat-abi=soft -mthumb -Wl,--start-group -lc -lm -Wl,--end-group
Finished building target: CARRITOBLPRX.elf
 
arm-none-eabi-size  CARRITOBLPRX.elf 
arm-none-eabi-objdump -h -S CARRITOBLPRX.elf  > "CARRITOBLPRX.list"
   text	   data	    bss	    dec	    hex	filename
  13372	     16	   1840	  15228	   3b7c	CARRITOBLPRX.elf
Finished building: default.size.stdout
 
Finished building: CARRITOBLPRX.list
 
19:55:48 **** Incremental Build of configuration Debug for project ComplexCalc ****
make -j8 all 
arm-none-eabi-size  ComplexCalc.elf 
   text	   data	    bss	    dec	    hex	filename
   6112	     12	   1660	   7784	   1e68	ComplexCalc.elf
Finished building: default.size.stdout
 
19:55:50 **** Incremental Build of configuration Debug for project TX_BlackPill ****
make -j8 all 
arm-none-eabi-gcc "../Core/Src/main.c" -mcpu=cortex-m4 -std=gnu11 -g3 -DDEBUG -DUSE_HAL_DRIVER -DSTM32F411xE -c -I../Core/Inc -I../Drivers/STM32F4xx_HAL_Driver/Inc -I../Drivers/STM32F4xx_HAL_Driver/Inc/Legacy -I../Drivers/CMSIS/Device/ST/STM32F4xx/Include -I../Drivers/CMSIS/Include -O0 -ffunction-sections -fdata-sections -Wall -fstack-usage -fcyclomatic-complexity -MMD -MP -MF"Core/Src/main.d" -MT"Core/Src/main.o" --specs=nano.specs -mfpu=fpv4-sp-d16 -mfloat-abi=hard -mthumb -o "Core/Src/main.o"
../Core/Src/main.c: In function 'main':
../Core/Src/main.c:138:25: warning: unused variable 'deg_gz' [-Wunused-variable]
  138 |   float deg_gx, deg_gy, deg_gz;
      |                         ^~~~~~
../Core/Src/main.c:138:17: warning: unused variable 'deg_gy' [-Wunused-variable]
  138 |   float deg_gx, deg_gy, deg_gz;
      |                 ^~~~~~
../Core/Src/main.c:138:9: warning: unused variable 'deg_gx' [-Wunused-variable]
  138 |   float deg_gx, deg_gy, deg_gz;
      |         ^~~~~~
arm-none-eabi-gcc -o "TX_BlackPill.elf" @"objects.list"   -mcpu=cortex-m4 -T"C:\Users\dasre\Documents\Knowledge-db\ghFiles\STM32F-CAR\Test\Cube\BlackPill\1RFTX_BlackPill\STM32F411CEUX_FLASH.ld" --specs=nosys.specs -Wl,-Map="TX_BlackPill.map" -Wl,--gc-sections -static --specs=nano.specs -mfpu=fpv4-sp-d16 -mfloat-abi=hard -mthumb -u _printf_float -Wl,--start-group -lc -lm -Wl,--end-group
Finished building target: TX_BlackPill.elf
 
arm-none-eabi-size  TX_BlackPill.elf 
arm-none-eabi-objdump -h -S TX_BlackPill.elf  > "TX_BlackPill.list"
   text	   data	    bss	    dec	    hex	filename
  34280	    472	   2152	  36904	   9028	TX_BlackPill.elf
Finished building: default.size.stdout
 
Finished building: TX_BlackPill.list
 
19:55:53 **** Incremental Build of configuration Debug for project i2c ****
make -j8 all 
arm-none-eabi-size  i2c.elf 
   text	   data	    bss	    dec	    hex	filename
   6228	     12	   1572	   7812	   1e84	i2c.elf
Finished building: default.size.stdout
 
19:56:00 **** Incremental Build of configuration Debug for project TX_BlackPill ****
make -j8 all 
arm-none-eabi-size  TX_BlackPill.elf 
   text	   data	    bss	    dec	    hex	filename
  34280	    472	   2152	  36904	   9028	TX_BlackPill.elf
Finished building: default.size.stdout
 
20:18:43 **** Incremental Build of configuration Debug for project TX_BlackPill ****
make -j8 all 
arm-none-eabi-size  TX_BlackPill.elf 
   text	   data	    bss	    dec	    hex	filename
  34280	    472	   2152	  36904	   9028	TX_BlackPill.elf
Finished building: default.size.stdout
 
